{
 "LR": {
  "recall": 0.9996,
  "f1": 0.9996,
  "recall_by_type": {
   "LDAP": 0.9998212167016107,
   "MSSQL": 0.9998675379724479,
   "NetBIOS": 0.9998922181504635,
   "Portmap": 0.9988519464040242,
   "Syn": 0.9992721854985102,
   "UDP": 0.9999266033498231,
   "UDP-lag": 0.9542857142857143
  },
  "benign_fpr": 0.0039
 },
 "LightGBM": {
  "recall": 0.999,
  "f1": 0.9993,
  "recall_by_type": {
   "LDAP": 0.9998862288101159,
   "MSSQL": 0.9999264099846933,
   "NetBIOS": 0.9999191636128476,
   "Portmap": 0.9991389598030181,
   "Syn": 0.9968661163818201,
   "UDP": 0.9999853206699646,
   "UDP-lag": 0.9771428571428571
  },
  "benign_fpr": 0.0034
 },
 "MonitoringAgent": {
  "recall": 0.9991,
  "f1": 0.9995,
  "recall_by_type": {
   "LDAP": 0.9998212167016107,
   "MSSQL": 0.9999116919816319,
   "NetBIOS": 0.9998248544945031,
   "Portmap": 0.9977643166815209,
   "Syn": 0.9980648696783916,
   "UDP": 0.9999266033498231,
   "UDP-lag": 0.9542857142857143
  },
  "benign_fpr": 0.0006
 }
}
