LOTO {'high_ddos': 1.0, 'medium_ddos': 1.0, 'lowrate_ddos': 0.65, 'benign_burst': 1.0, 'ambiguous_mixed': 0.8}
{
 "loto": {
  "high_ddos": 1.0,
  "medium_ddos": 1.0,
  "lowrate_ddos": 0.65,
  "benign_burst": 1.0,
  "ambiguous_mixed": 0.8
 },
 "fp_alerts_in_escalated_aug": 15,
 "fp_alerts_in_rejected_aug": 302,
 "fp_alerts_in_escalated_real": 1,
 "tp_alerts_in_rejected_aug": 445,
 "fn_flows_total": 110,
 "neg_by_port": {
  "443": 42,
  "80": 21,
  "8080": 19,
  "53": 8,
  "9372": 1,
  "8999": 1,
  "9080": 1,
  "21": 1,
  "9458": 1,
  "139": 1,
  "9484": 1,
  "9619": 1,
  "9635": 1,
  "22": 1,
  "9705": 1,
  "9780": 1,
  "9790": 1,
  "9832": 1,
  "9847": 1,
  "9854": 1,
  "59675": 1,
  "465": 1,
  "9933": 1,
  "9875": 1,
  "9943": 1,
  "10263": 1,
  "10264": 1,
  "10274": 1,
  "10012": 1,
  "10157": 1,
  "10158": 1,
  "10185": 1,
  "10222": 1,
  "56616": 1,
  "9963": 1,
  "10051": 1,
  "10431": 1,
  "10167": 1,
  "10175": 1,
  "10622": 1,
  "61122": 1,
  "61157": 1,
  "61164": 1,
  "10620": 1,
  "10270": 1,
  "10273": 1,
  "10306": 1,
  "10277": 1,
  "10299": 1,
  "10314": 1,
  "10355": 1,
  "10356": 1,
  "10360": 1
 },
 "neg_median_nflows": 43.0,
 "neg_median_nalerts": 1.0,
 "pos_median_nflows": 1000.0,
 "wrong_aug": [
  {
   "win": 194,
   "port": 9705,
   "n_flows": 1,
   "n_alerts": 1,
   "alert_fraction": 1.0,
   "ddos_share": 0.0,
   "label": 0,
   "p_ca_aug": 0.9563929133567356,
   "p_ca_real": 0.1474020797941244
  },
  {
   "win": 197,
   "port": 9780,
   "n_flows": 1,
   "n_alerts": 1,
   "alert_fraction": 1.0,
   "ddos_share": 0.0,
   "label": 0,
   "p_ca_aug": 0.9999813399507098,
   "p_ca_real": 0.4935318167747877
  },
  {
   "win": 197,
   "port": 9832,
   "n_flows": 1,
   "n_alerts": 1,
   "alert_fraction": 1.0,
   "ddos_share": 0.0,
   "label": 0,
   "p_ca_aug": 0.999981686801774,
   "p_ca_real": 0.4957828008999462
  },
  {
   "win": 197,
   "port": 9854,
   "n_flows": 1,
   "n_alerts": 1,
   "alert_fraction": 1.0,
   "ddos_share": 0.0,
   "label": 0,
   "p_ca_aug": 0.9999886920767392,
   "p_ca_real": 0.606454978237116
  },
  {
   "win": 201,
   "port": 9933,
   "n_flows": 1,
   "n_alerts": 1,
   "alert_fraction": 1.0,
   "ddos_share": 0.0,
   "label": 0,
   "p_ca_aug": 0.999979040714228,
   "p_ca_real": 0.4790572716085606
  },
  {
   "win": 202,
   "port": 9875,
   "n_flows": 1,
   "n_alerts": 1,
   "alert_fraction": 1.0,
   "ddos_share": 0.0,
   "label": 0,
   "p_ca_aug": 0.8918290930155335,
   "p_ca_real": 0.0658711170309034
  },
  {
   "win": 206,
   "port": 10274,
   "n_flows": 1,
   "n_alerts": 1,
   "alert_fraction": 1.0,
   "ddos_share": 0.0,
   "label": 0,
   "p_ca_aug": 0.8800669372074011,
   "p_ca_real": 0.2520399345763207
  },
  {
   "win": 207,
   "port": 10185,
   "n_flows": 1,
   "n_alerts": 1,
   "alert_fraction": 1.0,
   "ddos_share": 0.0,
   "label": 0,
   "p_ca_aug": 0.8492132621122263,
   "p_ca_real": 0.05488184194851
  },
  {
   "win": 209,
   "port": 8080,
   "n_flows": 11,
   "n_alerts": 2,
   "alert_fraction": 0.1818181818181818,
   "ddos_share": 0.0,
   "label": 0,
   "p_ca_aug": 0.5487050393626289,
   "p_ca_real": 0.0
